// Jest Snapshot v1, https://goo.gl/fbAQLP

exports[`cleanElement does not remove props without propTypes 1`] = `"<div class=\\"cleanElementtest__Box-kdszWu eYbyRo\\" id=\\"beep\\" textAlign=\\"center\\" data-reactroot=\\"\\">hello</div>"`;

exports[`cleanElement removes props with prop types 1`] = `"<div class=\\"cleanElementtest__Box-kdszWu eYbyRo\\" id=\\"beep\\" data-reactroot=\\"\\">hello</div>"`;
